  Determinando los proyectos que se van a restaurar...
  Todos los proyectos est├ín actualizados para la restauraci├│n.
C:\Users\mari_\OneDrive\Escritorio\PROYECTOS\EMPRENDIMIENTOS\AnimalConnect\Tests\AnimalConnect.Backend.Tests\BaseIntegrationTest.cs(3,29): error CS0234: El tipo o el nombre del espacio de nombres 'Data' no existe en el espacio de nombres 'AnimalConnect.Backend' (┬┐falta alguna referencia de ensamblado?) [C:\Users\mari_\OneDrive\Escritorio\PROYECTOS\EMPRENDIMIENTOS\AnimalConnect\Tests\AnimalConnect.Backend.Tests\AnimalConnect.Backend.Tests.csproj]
C:\Users\mari_\OneDrive\Escritorio\PROYECTOS\EMPRENDIMIENTOS\AnimalConnect\Tests\AnimalConnect.Backend.Tests\IntegrationTestWebAppFactory.cs(1,17): error CS0234: El tipo o el nombre del espacio de nombres 'AspNetCore' no existe en el espacio de nombres 'Microsoft' (┬┐falta alguna referencia de ensamblado?) [C:\Users\mari_\OneDrive\Escritorio\PROYECTOS\EMPRENDIMIENTOS\AnimalConnect\Tests\AnimalConnect.Backend.Tests\AnimalConnect.Backend.Tests.csproj]
C:\Users\mari_\OneDrive\Escritorio\PROYECTOS\EMPRENDIMIENTOS\AnimalConnect\Tests\AnimalConnect.Backend.Tests\IntegrationTestWebAppFactory.cs(2,17): error CS0234: El tipo o el nombre del espacio de nombres 'AspNetCore' no existe en el espacio de nombres 'Microsoft' (┬┐falta alguna referencia de ensamblado?) [C:\Users\mari_\OneDrive\Escritorio\PROYECTOS\EMPRENDIMIENTOS\AnimalConnect\Tests\AnimalConnect.Backend.Tests\AnimalConnect.Backend.Tests.csproj]
C:\Users\mari_\OneDrive\Escritorio\PROYECTOS\EMPRENDIMIENTOS\AnimalConnect\Tests\AnimalConnect.Backend.Tests\IntegrationTestWebAppFactory.cs(3,17): error CS0234: El tipo o el nombre del espacio de nombres 'AspNetCore' no existe en el espacio de nombres 'Microsoft' (┬┐falta alguna referencia de ensamblado?) [C:\Users\mari_\OneDrive\Escritorio\PROYECTOS\EMPRENDIMIENTOS\AnimalConnect\Tests\AnimalConnect.Backend.Tests\AnimalConnect.Backend.Tests.csproj]
C:\Users\mari_\OneDrive\Escritorio\PROYECTOS\EMPRENDIMIENTOS\AnimalConnect\Tests\AnimalConnect.Backend.Tests\IntegrationTestWebAppFactory.cs(4,17): error CS0234: El tipo o el nombre del espacio de nombres 'EntityFrameworkCore' no existe en el espacio de nombres 'Microsoft' (┬┐falta alguna referencia de ensamblado?) [C:\Users\mari_\OneDrive\Escritorio\PROYECTOS\EMPRENDIMIENTOS\AnimalConnect\Tests\AnimalConnect.Backend.Tests\AnimalConnect.Backend.Tests.csproj]
C:\Users\mari_\OneDrive\Escritorio\PROYECTOS\EMPRENDIMIENTOS\AnimalConnect\Tests\AnimalConnect.Backend.Tests\IntegrationTestWebAppFactory.cs(7,29): error CS0234: El tipo o el nombre del espacio de nombres 'Data' no existe en el espacio de nombres 'AnimalConnect.Backend' (┬┐falta alguna referencia de ensamblado?) [C:\Users\mari_\OneDrive\Escritorio\PROYECTOS\EMPRENDIMIENTOS\AnimalConnect\Tests\AnimalConnect.Backend.Tests\AnimalConnect.Backend.Tests.csproj]
C:\Users\mari_\OneDrive\Escritorio\PROYECTOS\EMPRENDIMIENTOS\AnimalConnect\Tests\AnimalConnect.Backend.Tests\Integration\Controllers\MatchControllerTests.cs(3,29): error CS0234: El tipo o el nombre del espacio de nombres 'Controllers' no existe en el espacio de nombres 'AnimalConnect.Backend' (┬┐falta alguna referencia de ensamblado?) [C:\Users\mari_\OneDrive\Escritorio\PROYECTOS\EMPRENDIMIENTOS\AnimalConnect\Tests\AnimalConnect.Backend.Tests\AnimalConnect.Backend.Tests.csproj]
C:\Users\mari_\OneDrive\Escritorio\PROYECTOS\EMPRENDIMIENTOS\AnimalConnect\Tests\AnimalConnect.Backend.Tests\Integration\Controllers\MatchControllerTests.cs(4,29): error CS0234: El tipo o el nombre del espacio de nombres 'Models' no existe en el espacio de nombres 'AnimalConnect.Backend' (┬┐falta alguna referencia de ensamblado?) [C:\Users\mari_\OneDrive\Escritorio\PROYECTOS\EMPRENDIMIENTOS\AnimalConnect\Tests\AnimalConnect.Backend.Tests\AnimalConnect.Backend.Tests.csproj]
C:\Users\mari_\OneDrive\Escritorio\PROYECTOS\EMPRENDIMIENTOS\AnimalConnect\Tests\AnimalConnect.Backend.Tests\Utilities\DataSeeder.cs(2,29): error CS0234: El tipo o el nombre del espacio de nombres 'Models' no existe en el espacio de nombres 'AnimalConnect.Backend' (┬┐falta alguna referencia de ensamblado?) [C:\Users\mari_\OneDrive\Escritorio\PROYECTOS\EMPRENDIMIENTOS\AnimalConnect\Tests\AnimalConnect.Backend.Tests\AnimalConnect.Backend.Tests.csproj]
C:\Users\mari_\OneDrive\Escritorio\PROYECTOS\EMPRENDIMIENTOS\AnimalConnect\Tests\AnimalConnect.Backend.Tests\IntegrationTestWebAppFactory.cs(13,49): error CS0246: El nombre del tipo o del espacio de nombres 'WebApplicationFactory<>' no se encontr├│ (┬┐falta una directiva using o una referencia de ensamblado?) [C:\Users\mari_\OneDrive\Escritorio\PROYECTOS\EMPRENDIMIENTOS\AnimalConnect\Tests\AnimalConnect.Backend.Tests\AnimalConnect.Backend.Tests.csproj]
C:\Users\mari_\OneDrive\Escritorio\PROYECTOS\EMPRENDIMIENTOS\AnimalConnect\Tests\AnimalConnect.Backend.Tests\IntegrationTestWebAppFactory.cs(13,71): error CS0246: El nombre del tipo o del espacio de nombres 'Program' no se encontr├│ (┬┐falta una directiva using o una referencia de ensamblado?) [C:\Users\mari_\OneDrive\Escritorio\PROYECTOS\EMPRENDIMIENTOS\AnimalConnect\Tests\AnimalConnect.Backend.Tests\AnimalConnect.Backend.Tests.csproj]
C:\Users\mari_\OneDrive\Escritorio\PROYECTOS\EMPRENDIMIENTOS\AnimalConnect\Tests\AnimalConnect.Backend.Tests\BaseIntegrationTest.cs(11,28): error CS0246: El nombre del tipo o del espacio de nombres 'ApplicationDbContext' no se encontr├│ (┬┐falta una directiva using o una referencia de ensamblado?) [C:\Users\mari_\OneDrive\Escritorio\PROYECTOS\EMPRENDIMIENTOS\AnimalConnect\Tests\AnimalConnect.Backend.Tests\AnimalConnect.Backend.Tests.csproj]
C:\Users\mari_\OneDrive\Escritorio\PROYECTOS\EMPRENDIMIENTOS\AnimalConnect\Tests\AnimalConnect.Backend.Tests\IntegrationTestWebAppFactory.cs(32,50): error CS0246: El nombre del tipo o del espacio de nombres 'IWebHostBuilder' no se encontr├│ (┬┐falta una directiva using o una referencia de ensamblado?) [C:\Users\mari_\OneDrive\Escritorio\PROYECTOS\EMPRENDIMIENTOS\AnimalConnect\Tests\AnimalConnect.Backend.Tests\AnimalConnect.Backend.Tests.csproj]
C:\Users\mari_\OneDrive\Escritorio\PROYECTOS\EMPRENDIMIENTOS\AnimalConnect\Tests\AnimalConnect.Backend.Tests\Utilities\DataSeeder.cs(10,28): error CS0246: El nombre del tipo o del espacio de nombres 'Usuario' no se encontr├│ (┬┐falta una directiva using o una referencia de ensamblado?) [C:\Users\mari_\OneDrive\Escritorio\PROYECTOS\EMPRENDIMIENTOS\AnimalConnect\Tests\AnimalConnect.Backend.Tests\AnimalConnect.Backend.Tests.csproj]
C:\Users\mari_\OneDrive\Escritorio\PROYECTOS\EMPRENDIMIENTOS\AnimalConnect\Tests\AnimalConnect.Backend.Tests\Utilities\DataSeeder.cs(20,28): error CS0246: El nombre del tipo o del espacio de nombres 'Animal' no se encontr├│ (┬┐falta una directiva using o una referencia de ensamblado?) [C:\Users\mari_\OneDrive\Escritorio\PROYECTOS\EMPRENDIMIENTOS\AnimalConnect\Tests\AnimalConnect.Backend.Tests\AnimalConnect.Backend.Tests.csproj]

ERROR al compilar.

C:\Users\mari_\OneDrive\Escritorio\PROYECTOS\EMPRENDIMIENTOS\AnimalConnect\Tests\AnimalConnect.Backend.Tests\BaseIntegrationTest.cs(3,29): error CS0234: El tipo o el nombre del espacio de nombres 'Data' no existe en el espacio de nombres 'AnimalConnect.Backend' (┬┐falta alguna referencia de ensamblado?) [C:\Users\mari_\OneDrive\Escritorio\PROYECTOS\EMPRENDIMIENTOS\AnimalConnect\Tests\AnimalConnect.Backend.Tests\AnimalConnect.Backend.Tests.csproj]
C:\Users\mari_\OneDrive\Escritorio\PROYECTOS\EMPRENDIMIENTOS\AnimalConnect\Tests\AnimalConnect.Backend.Tests\IntegrationTestWebAppFactory.cs(1,17): error CS0234: El tipo o el nombre del espacio de nombres 'AspNetCore' no existe en el espacio de nombres 'Microsoft' (┬┐falta alguna referencia de ensamblado?) [C:\Users\mari_\OneDrive\Escritorio\PROYECTOS\EMPRENDIMIENTOS\AnimalConnect\Tests\AnimalConnect.Backend.Tests\AnimalConnect.Backend.Tests.csproj]
C:\Users\mari_\OneDrive\Escritorio\PROYECTOS\EMPRENDIMIENTOS\AnimalConnect\Tests\AnimalConnect.Backend.Tests\IntegrationTestWebAppFactory.cs(2,17): error CS0234: El tipo o el nombre del espacio de nombres 'AspNetCore' no existe en el espacio de nombres 'Microsoft' (┬┐falta alguna referencia de ensamblado?) [C:\Users\mari_\OneDrive\Escritorio\PROYECTOS\EMPRENDIMIENTOS\AnimalConnect\Tests\AnimalConnect.Backend.Tests\AnimalConnect.Backend.Tests.csproj]
C:\Users\mari_\OneDrive\Escritorio\PROYECTOS\EMPRENDIMIENTOS\AnimalConnect\Tests\AnimalConnect.Backend.Tests\IntegrationTestWebAppFactory.cs(3,17): error CS0234: El tipo o el nombre del espacio de nombres 'AspNetCore' no existe en el espacio de nombres 'Microsoft' (┬┐falta alguna referencia de ensamblado?) [C:\Users\mari_\OneDrive\Escritorio\PROYECTOS\EMPRENDIMIENTOS\AnimalConnect\Tests\AnimalConnect.Backend.Tests\AnimalConnect.Backend.Tests.csproj]
C:\Users\mari_\OneDrive\Escritorio\PROYECTOS\EMPRENDIMIENTOS\AnimalConnect\Tests\AnimalConnect.Backend.Tests\IntegrationTestWebAppFactory.cs(4,17): error CS0234: El tipo o el nombre del espacio de nombres 'EntityFrameworkCore' no existe en el espacio de nombres 'Microsoft' (┬┐falta alguna referencia de ensamblado?) [C:\Users\mari_\OneDrive\Escritorio\PROYECTOS\EMPRENDIMIENTOS\AnimalConnect\Tests\AnimalConnect.Backend.Tests\AnimalConnect.Backend.Tests.csproj]
C:\Users\mari_\OneDrive\Escritorio\PROYECTOS\EMPRENDIMIENTOS\AnimalConnect\Tests\AnimalConnect.Backend.Tests\IntegrationTestWebAppFactory.cs(7,29): error CS0234: El tipo o el nombre del espacio de nombres 'Data' no existe en el espacio de nombres 'AnimalConnect.Backend' (┬┐falta alguna referencia de ensamblado?) [C:\Users\mari_\OneDrive\Escritorio\PROYECTOS\EMPRENDIMIENTOS\AnimalConnect\Tests\AnimalConnect.Backend.Tests\AnimalConnect.Backend.Tests.csproj]
C:\Users\mari_\OneDrive\Escritorio\PROYECTOS\EMPRENDIMIENTOS\AnimalConnect\Tests\AnimalConnect.Backend.Tests\Integration\Controllers\MatchControllerTests.cs(3,29): error CS0234: El tipo o el nombre del espacio de nombres 'Controllers' no existe en el espacio de nombres 'AnimalConnect.Backend' (┬┐falta alguna referencia de ensamblado?) [C:\Users\mari_\OneDrive\Escritorio\PROYECTOS\EMPRENDIMIENTOS\AnimalConnect\Tests\AnimalConnect.Backend.Tests\AnimalConnect.Backend.Tests.csproj]
C:\Users\mari_\OneDrive\Escritorio\PROYECTOS\EMPRENDIMIENTOS\AnimalConnect\Tests\AnimalConnect.Backend.Tests\Integration\Controllers\MatchControllerTests.cs(4,29): error CS0234: El tipo o el nombre del espacio de nombres 'Models' no existe en el espacio de nombres 'AnimalConnect.Backend' (┬┐falta alguna referencia de ensamblado?) [C:\Users\mari_\OneDrive\Escritorio\PROYECTOS\EMPRENDIMIENTOS\AnimalConnect\Tests\AnimalConnect.Backend.Tests\AnimalConnect.Backend.Tests.csproj]
C:\Users\mari_\OneDrive\Escritorio\PROYECTOS\EMPRENDIMIENTOS\AnimalConnect\Tests\AnimalConnect.Backend.Tests\Utilities\DataSeeder.cs(2,29): error CS0234: El tipo o el nombre del espacio de nombres 'Models' no existe en el espacio de nombres 'AnimalConnect.Backend' (┬┐falta alguna referencia de ensamblado?) [C:\Users\mari_\OneDrive\Escritorio\PROYECTOS\EMPRENDIMIENTOS\AnimalConnect\Tests\AnimalConnect.Backend.Tests\AnimalConnect.Backend.Tests.csproj]
C:\Users\mari_\OneDrive\Escritorio\PROYECTOS\EMPRENDIMIENTOS\AnimalConnect\Tests\AnimalConnect.Backend.Tests\IntegrationTestWebAppFactory.cs(13,49): error CS0246: El nombre del tipo o del espacio de nombres 'WebApplicationFactory<>' no se encontr├│ (┬┐falta una directiva using o una referencia de ensamblado?) [C:\Users\mari_\OneDrive\Escritorio\PROYECTOS\EMPRENDIMIENTOS\AnimalConnect\Tests\AnimalConnect.Backend.Tests\AnimalConnect.Backend.Tests.csproj]
C:\Users\mari_\OneDrive\Escritorio\PROYECTOS\EMPRENDIMIENTOS\AnimalConnect\Tests\AnimalConnect.Backend.Tests\IntegrationTestWebAppFactory.cs(13,71): error CS0246: El nombre del tipo o del espacio de nombres 'Program' no se encontr├│ (┬┐falta una directiva using o una referencia de ensamblado?) [C:\Users\mari_\OneDrive\Escritorio\PROYECTOS\EMPRENDIMIENTOS\AnimalConnect\Tests\AnimalConnect.Backend.Tests\AnimalConnect.Backend.Tests.csproj]
C:\Users\mari_\OneDrive\Escritorio\PROYECTOS\EMPRENDIMIENTOS\AnimalConnect\Tests\AnimalConnect.Backend.Tests\BaseIntegrationTest.cs(11,28): error CS0246: El nombre del tipo o del espacio de nombres 'ApplicationDbContext' no se encontr├│ (┬┐falta una directiva using o una referencia de ensamblado?) [C:\Users\mari_\OneDrive\Escritorio\PROYECTOS\EMPRENDIMIENTOS\AnimalConnect\Tests\AnimalConnect.Backend.Tests\AnimalConnect.Backend.Tests.csproj]
C:\Users\mari_\OneDrive\Escritorio\PROYECTOS\EMPRENDIMIENTOS\AnimalConnect\Tests\AnimalConnect.Backend.Tests\IntegrationTestWebAppFactory.cs(32,50): error CS0246: El nombre del tipo o del espacio de nombres 'IWebHostBuilder' no se encontr├│ (┬┐falta una directiva using o una referencia de ensamblado?) [C:\Users\mari_\OneDrive\Escritorio\PROYECTOS\EMPRENDIMIENTOS\AnimalConnect\Tests\AnimalConnect.Backend.Tests\AnimalConnect.Backend.Tests.csproj]
C:\Users\mari_\OneDrive\Escritorio\PROYECTOS\EMPRENDIMIENTOS\AnimalConnect\Tests\AnimalConnect.Backend.Tests\Utilities\DataSeeder.cs(10,28): error CS0246: El nombre del tipo o del espacio de nombres 'Usuario' no se encontr├│ (┬┐falta una directiva using o una referencia de ensamblado?) [C:\Users\mari_\OneDrive\Escritorio\PROYECTOS\EMPRENDIMIENTOS\AnimalConnect\Tests\AnimalConnect.Backend.Tests\AnimalConnect.Backend.Tests.csproj]
C:\Users\mari_\OneDrive\Escritorio\PROYECTOS\EMPRENDIMIENTOS\AnimalConnect\Tests\AnimalConnect.Backend.Tests\Utilities\DataSeeder.cs(20,28): error CS0246: El nombre del tipo o del espacio de nombres 'Animal' no se encontr├│ (┬┐falta una directiva using o una referencia de ensamblado?) [C:\Users\mari_\OneDrive\Escritorio\PROYECTOS\EMPRENDIMIENTOS\AnimalConnect\Tests\AnimalConnect.Backend.Tests\AnimalConnect.Backend.Tests.csproj]
    0 Advertencia(s)
    15 Errores

Tiempo transcurrido 00:00:01.77
